[www.pavlovaspasalon.com/index.html]
[backblue.gif]
[fade.gif]
[index.html]
[images.squarespace-cdn.com/content/5f726c38a4d2f0161b44ce00/1601664438276-D30DRKTFION79F7BTRM3/Screen+Shot+2020-10-02+at+2.47.05+PM2acd.png]
[assets.squarespace.com/@sqs/polyfiller/1.2.2/legacy.js]
[use.typekit.net/ik/PgWPU7Ibd0-REq2M1bk9eTnS6JsHGEbM0Alssr7xxEGfeT9IfFHN4UJLFRbh52jhWDmcFDJhjDwtjQsqwcj3wQjUjRbXjh93wg7TMkG0jAFu-WsoShFGZAsude80ZkoRdhXCHKoyjamT]
[assets.squarespace.com/@sqs/polyfiller/1.2.2/modern.js]
[assets.squarespace.com/universal/scripts-compressed/extract-css-runtime-20cedcfc598ca1dec0f52-min.en-US.js]
[assets.squarespace.com/universal/scripts-compressed/cldr-resource-pack-33f25cea66c84971c39d6-min.en-US.js]
[assets.squarespace.com/universal/scripts-compressed/common-vendors-stable-ded59447778e1491d87fa-min.en-US.js]
[assets.squarespace.com/universal/scripts-compressed/extract-css-moment-js-vendor-5082e2dab696b020ac83a-min.en-US.js]
[assets.squarespace.com/universal/scripts-compressed/performance-8a62d2805270e36d43ce5-min.en-US.js]
[static1.squarespace.com/static/versioned-site-css/5f726c38a4d2f0161b44ce00/73/5c5a519771c10ba3470d8101/5f726c38a4d2f0161b44ce20/1319/site.css]
[www.pavlovaspasalon.com/cart.html]
[www.pavlovaspasalon.com/news.html]
[www.pavlovaspasalon.com/about.html]
[assets.squarespace.com/universal/scripts-compressed/common-vendors-cf28b9adb429a6e878890-min.en-US.js]
[www.pavlovaspasalon.com/new-page.html]
[www.pavlovaspasalon.com/menu-2.html]
[www.pavlovaspasalon.com/spa-packages.html]
[www.pavlovaspasalon.com/bridal.html]
[images.squarespace-cdn.com/content/v1/5f726c38a4d2f0161b44ce00/1601664438276-D30DRKTFION79F7BTRM3/Screen+Shot+2020-10-02+at+2.47.05+PM26f7.png]
[www.pavlovaspasalon.com/general-2.html]
[images.squarespace-cdn.com/content/v1/5f726c38a4d2f0161b44ce00/1601824687294-YYSETVG8HOE6SB6VW40Z/91fe6924-9724-4f45-923c-2c69f6e9f0a8.jpg]
[images.squarespace-cdn.com/content/v1/5f726c38a4d2f0161b44ce00/1601824649099-PR7EPGISWHJQ4PARIAIY/iStock-872604744.jpg]
[images.squarespace-cdn.com/content/v1/5f726c38a4d2f0161b44ce00/1601824729021-I37Z3X5RH3GMP8CKBE69/42a0718c-45bc-471f-9aac-c870a42c678d.jpg]
[assets.squarespace.com/universal/scripts-compressed/common-7160848b22dbb79648a1c-min.en-US.js]
[www.pavlovaspasalon.com/index.html]
[www.pavlovaspasalon.com/giftcertificates.html]
[assets.squarespace.com/universal/images-v6/damask/error-dark.png]
[assets.squarespace.com/universal/images-v6/damask/error-dark@2x.png]
[assets.squarespace.com/universal/images-v6/damask/play-button.png]
[assets.squarespace.com/universal/images-v6/damask/play-button@2x.png]
[assets.squarespace.com/universal/images-v6/damask/edit-aviary-light.png]
[assets.squarespace.com/universal/images-v6/damask/edit-aviary-light@2x.png]
[assets.squarespace.com/universal/images-v6/damask/edit-info-light.png]
[assets.squarespace.com/universal/images-v6/damask/edit-info-light@2x.png]
[assets.squarespace.com/universal/images-v6/damask/trash-9-light.png]
[assets.squarespace.com/universal/images-v6/damask/trash-9-light@2x.png]
[static1.squarespace.com/static/vta/5c5a519771c10ba3470d8101/scripts/site-bundle.1ca98a153fb23c0f2efe1ecd45c3f098.js]
[assets.squarespace.com/universal/images-v6/damask/trash-9-red.png]
[assets.squarespace.com/universal/images-v6/damask/trash-9-red@2x.png]
[assets.squarespace.com/universal/images-v6/damask/getty-16-light.png]
[assets.squarespace.com/universal/images-v6/damask/getty-32-light.png]
[assets.squarespace.com/universal/images-v6/damask/shopping-cart-16-light.png]
[assets.squarespace.com/universal/images-v6/damask/shopping-cart-32-light.png]
[static1.squarespace.com/universal/images-v6/icons/block-indicator-dark.png]
[static1.squarespace.com/universal/images-v6/icons/block-indicator-dark@2x.png]
[static1.squarespace.com/universal/images-v6/icons/opentable-icons.png]
[static1.squarespace.com/universal/images-v6/icons/icon-searchqueries-20-dark.png]
[static1.squarespace.com/universal/images-v6/icons/icon-searchqueries-20-light.png]
[assets.squarespace.com/universal/images-v6/icons/icon-video-24-light-solid.png]
[assets.squarespace.com/universal/images-v6/standard/icon_close_7_light.png]
[assets.squarespace.com/universal/images-v6/icons/icon-settings-16-light.png]
[static1.squarespace.com/static/versioned-site-css/5f726c38a4d2f0161b44ce00/73/5c5a519771c10ba3470d8101/5f726c38a4d2f0161b44ce20/1319/site.css]
[assets.squarespace.com/universal/scripts-compressed/extract-css-runtime-6a451e0dd8c4cef635c8a-min.en-US.js]
[www.pavlovaspasalon.com/cart.html]
[assets.squarespace.com/universal/scripts-compressed/extract-css-runtime-0ed6ed412602b5ef03ce6-min.en-US.js]
[assets.squarespace.com/universal/scripts-compressed/performance-7c2e2a5656405fba2e7db-min.en-US.js]
[static1.squarespace.com/static/versioned-site-css/5f726c38a4d2f0161b44ce00/73/5c5a519771c10ba3470d8101/5f726c38a4d2f0161b44ce20/1317/site.css]
[static1.squarespace.com/static/vta/5c5a519771c10ba3470d8101/scripts/site-bundle.a7d6fb3faf97b4816ff257403ea0cddc.js]
[www.pavlovaspasalon.com/news.html]
[images.squarespace-cdn.com/content/v1/5f726c38a4d2f0161b44ce00/a95b3566-2bc9-47e4-bcc8-46dce6eda8a2/Winter+beauty+pass+(Postcard)+(4+×+9+in)+(9+×+4+in).3b.dela]
[assets.squarespace.com/universal/scripts-compressed/common-vendors-efcb604347cd0affcf80e-min.en-US.js]
[images.squarespace-cdn.com/content/v1/5f726c38a4d2f0161b44ce00/1601561971476-BLMSVL0JU4MN3F85N73I/image-asset.jpg]
[assets.squarespace.com/universal/scripts-compressed/common-7eff1f00f7ccf8fae989f-min.en-US.js]
[images.squarespace-cdn.com/content/v1/5f726c38a4d2f0161b44ce00/1601502613643-0JVU2GG8Y1X3605BCLAI/image-asset.jpg]
[images.squarespace-cdn.com/content/v1/5f726c38a4d2f0161b44ce00/1601481571605-ID95PX4MHK8FISSGAAPS/image-asset.jpg]
[www.pavlovaspasalon.com/_https_/www.instagram.com/p/CFrfiCCDjz2/embed/___/iframe__.40.delayed]
[images.squarespace-cdn.com/content/v1/5f726c38a4d2f0161b44ce00/1601502613643-N6E28AROIFSY1SZLTKLX/image-asset.jpg]
[images.squarespace-cdn.com/content/v1/5f726c38a4d2f0161b44ce00/1601502613643-PN48TKNSARTPOB10Z9QC/image-asset.jpg]
[images.squarespace-cdn.com/content/v1/5f726c38a4d2f0161b44ce00/1601502613643-K1W9YO03LIXCROADVVKF/image-asset.jpg]
[images.squarespace-cdn.com/content/v1/5f726c38a4d2f0161b44ce00/1601502613643-LOZV2P587PXJGRPBVBXH/image-asset.jpg]
[images.squarespace-cdn.com/content/v1/5f726c38a4d2f0161b44ce00/1601502613643-5MA80WF6TQM16A694QTB/image-asset.jpg]
[images.squarespace-cdn.com/content/v1/5f726c38a4d2f0161b44ce00/1601481571829-BF1ZAOHY440MQW4SNDMN/image-asset.jpg]
[images.squarespace-cdn.com/content/v1/5f726c38a4d2f0161b44ce00/1601502613643-OM2Q3SOCKK12HCLDLSGP/image-asset.jpg]
[images.squarespace-cdn.com/content/v1/5f726c38a4d2f0161b44ce00/1601502613643-FI0ITF9TQ9IP7GVDIXX8/image-asset.jpg]
[assets.squarespace.com/universal/scripts-compressed/commerce-checkout-b4f8f924e308b97546fea-min.en-US.js]
[images.squarespace-cdn.com/content/v1/5f726c38a4d2f0161b44ce00/1601481572061-FYGK3DR21HV6ASA1J6IY/image-asset.jpg]
[images.squarespace-cdn.com/content/v1/5f726c38a4d2f0161b44ce00/1601502613643-0AXBILR3UWFS13KFI039/image-asset.jpg]
[images.squarespace-cdn.com/content/v1/5f726c38a4d2f0161b44ce00/1601502613643-29I4SIBBSHAQ5X21M4IH/image-asset.jpg]
[images.squarespace-cdn.com/content/v1/5f726c38a4d2f0161b44ce00/1601502613643-ZOO2VZHWECOCT2EK6PXW/image-asset.jpg]
[www.pavlovaspasalon.com/_https_/www.instagram.com/p/CFPVqLuj6WA/embed/___/iframe__.4d.delayed]
[images.squarespace-cdn.com/content/v1/5f726c38a4d2f0161b44ce00/1601502613643-MMLQ2RDO240I61T0AOOD/image-asset.jpg]
[images.squarespace-cdn.com/content/v1/5f726c38a4d2f0161b44ce00/1601502613643-ZZQEUJUUEZMFS29ZCIAV/image-asset.jpg]
[images.squarespace-cdn.com/content/v1/5f726c38a4d2f0161b44ce00/1601502613643-QWGMJEYAY8KS8B92VFVR/image-asset.jpg]
[www.pavlovaspasalon.com/about.html]
[www.pavlovaspasalon.com/new-page.html]
[www.pavlovaspasalon.com/menu-2.html]
[www.pavlovaspasalon.com/spa-packages.html]
[www.pavlovaspasalon.com/bridal.html]
[www.pavlovaspasalon.com/general-2.html]
[www.pavlovaspasalon.com/giftcertificates.html]
[static1.squarespace.com/static/versioned-site-css/5f726c38a4d2f0161b44ce00/73/5c5a519771c10ba3470d8101/5f726c38a4d2f0161b44ce20/1317/site.css]
[www.pavlovaspasalon.com/_https_/www.instagram.com/p/CFrfiCCDjz2/embed/___/iframe__.html]
[www.pavlovaspasalon.com/_https_/www.instagram.com/p/CFPVqLuj6WA/embed/___/iframe__.html]
